// Jest Snapshot v1, https://goo.gl/fbAQLP

exports[`should render LinkElement component 1`] = `
<div>
  <li
    class="LinkElement"
  >
    <a
      href="/test"
    >
      test
    </a>
  </li>
</div>
`;
