// Jest Snapshot v1, https://goo.gl/fbAQLP

exports[`should render HeadingThree component 1`] = `
<div>
  <h3
    class="HeadingThree"
  >
    Test
  </h3>
</div>
`;
