// Jest Snapshot v1, https://goo.gl/fbAQLP

exports[`should render errMessage component 1`] = `<div />`;
