// Jest Snapshot v1, https://goo.gl/fbAQLP

exports[`should render HeaderInfo component 1`] = `
<div>
  <header
    class="HeaderInfo"
  >
    TEST
  </header>
</div>
`;
