// Jest Snapshot v1, https://goo.gl/fbAQLP

exports[`should render HeadingThree component 1`] = `
<div>
  <div
    class="HomeSection"
  >
    <div
      class="HomeSection"
    >
      <div>
        <div
          class="slider activeAnim"
        >
          <div
            class="content"
          >
            <header>
              fresh coffee in the morning
            </header>
            <p>
              Lorem ipsum Dolor Sit Amet Consectetur Adipisicing Elit. Sit, Consequuntur? Et Veritatis Velit Nesciunt Odio!
            </p>
            <a
              href="#menuSection"
            >
              get it now
            </a>
          </div>
          <img
            alt="fresh coffee in the morning"
            src="/images/home-img1.jpeg"
          />
        </div>
        <div
          class="slider"
        >
          <div
            class="content"
          >
            <header>
              product of the month
            </header>
            <p>
              Caffè Crema Dolce
            </p>
            <a
              href="#menuSection"
            >
              get it now
            </a>
          </div>
          <img
            alt="product of the month"
            src="/images/home-img2.jpeg"
          />
        </div>
        <div
          class="slider"
        >
          <div
            class="content"
          >
            <header>
              beans ground instant coffee
            </header>
            <p />
            <a
              href="#menuSection"
            >
              Products
            </a>
          </div>
          <img
            alt="beans ground instant coffee"
            src="/images/home-img3.jpeg"
          />
        </div>
      </div>
      <div
        class="btnDiv"
      >
        <button
          class="btnArrow btnArrowLeft"
        >
          <svg
            color="#fff"
            fill="currentColor"
            height="40"
            stroke="currentColor"
            stroke-width="0"
            style="color: rgb(255, 255, 255);"
            viewBox="0 0 1024 1024"
            width="40"
            xmlns="http://www.w3.org/2000/svg"
          >
            <path
              d="M752.145 0c8.685 0 17.572 3.434 24.237 10.099 13.33 13.33 13.33 35.143 0 48.473L320.126 515.03l449.591 449.591c13.33 13.33 13.33 35.144 0 48.474-13.33 13.33-35.142 13.33-48.472 0L247.418 539.268c-13.33-13.33-13.33-35.144 0-48.474L727.91 10.1C734.575 3.435 743.46.002 752.146.002z"
            />
          </svg>
        </button>
      </div>
      <div
        class="btnDiv"
      >
        <button
          class="btnArrow btnArrowRight"
        >
          <svg
            color="#fff"
            fill="currentColor"
            height="40"
            stroke="currentColor"
            stroke-width="0"
            style="color: rgb(255, 255, 255);"
            viewBox="0 0 1024 1024"
            width="40"
            xmlns="http://www.w3.org/2000/svg"
          >
            <path
              d="M271.653 1023.192c-8.685 0-17.573-3.432-24.238-10.097-13.33-13.33-13.33-35.144 0-48.474L703.67 508.163 254.08 58.573c-13.33-13.331-13.33-35.145 0-48.475 13.33-13.33 35.143-13.33 48.473 0L776.38 483.925c13.33 13.33 13.33 35.143 0 48.473l-480.492 480.694c-6.665 6.665-15.551 10.099-24.236 10.099z"
            />
          </svg>
        </button>
      </div>
      <div
        class="CarouselDots"
      >
        <span
          class="spanDot activeDot"
          data-testid="span-element"
        />
        <span
          class="spanDot"
          data-testid="span-element"
        />
        <span
          class="spanDot"
          data-testid="span-element"
        />
      </div>
    </div>
  </div>
</div>
`;

exports[`should render HomeSection component 1`] = `
<div>
  <div
    class="HomeSection"
  >
    <div
      class="HomeSection"
    >
      <div>
        <div
          class="slider activeAnim"
        >
          <div
            class="content"
          >
            <header>
              fresh coffee in the morning
            </header>
            <p>
              Lorem ipsum Dolor Sit Amet Consectetur Adipisicing Elit. Sit, Consequuntur? Et Veritatis Velit Nesciunt Odio!
            </p>
            <a
              href="#menuSection"
            >
              get it now
            </a>
          </div>
          <img
            alt="fresh coffee in the morning"
            src="/images/home-img1.jpeg"
          />
        </div>
        <div
          class="slider"
        >
          <div
            class="content"
          >
            <header>
              product of the month
            </header>
            <p>
              Caffè Crema Dolce
            </p>
            <a
              href="#menuSection"
            >
              get it now
            </a>
          </div>
          <img
            alt="product of the month"
            src="/images/home-img2.jpeg"
          />
        </div>
        <div
          class="slider"
        >
          <div
            class="content"
          >
            <header>
              beans ground instant coffee
            </header>
            <p />
            <a
              href="#menuSection"
            >
              Products
            </a>
          </div>
          <img
            alt="beans ground instant coffee"
            src="/images/home-img3.jpeg"
          />
        </div>
      </div>
      <div
        class="btnDiv"
      >
        <button
          class="btnArrow btnArrowLeft"
        >
          <svg
            color="#fff"
            fill="currentColor"
            height="40"
            stroke="currentColor"
            stroke-width="0"
            style="color: rgb(255, 255, 255);"
            viewBox="0 0 1024 1024"
            width="40"
            xmlns="http://www.w3.org/2000/svg"
          >
            <path
              d="M752.145 0c8.685 0 17.572 3.434 24.237 10.099 13.33 13.33 13.33 35.143 0 48.473L320.126 515.03l449.591 449.591c13.33 13.33 13.33 35.144 0 48.474-13.33 13.33-35.142 13.33-48.472 0L247.418 539.268c-13.33-13.33-13.33-35.144 0-48.474L727.91 10.1C734.575 3.435 743.46.002 752.146.002z"
            />
          </svg>
        </button>
      </div>
      <div
        class="btnDiv"
      >
        <button
          class="btnArrow btnArrowRight"
        >
          <svg
            color="#fff"
            fill="currentColor"
            height="40"
            stroke="currentColor"
            stroke-width="0"
            style="color: rgb(255, 255, 255);"
            viewBox="0 0 1024 1024"
            width="40"
            xmlns="http://www.w3.org/2000/svg"
          >
            <path
              d="M271.653 1023.192c-8.685 0-17.573-3.432-24.238-10.097-13.33-13.33-13.33-35.144 0-48.474L703.67 508.163 254.08 58.573c-13.33-13.331-13.33-35.145 0-48.475 13.33-13.33 35.143-13.33 48.473 0L776.38 483.925c13.33 13.33 13.33 35.143 0 48.473l-480.492 480.694c-6.665 6.665-15.551 10.099-24.236 10.099z"
            />
          </svg>
        </button>
      </div>
      <div
        class="CarouselDots"
      >
        <span
          class="spanDot activeDot"
          data-testid="span-element"
        />
        <span
          class="spanDot"
          data-testid="span-element"
        />
        <span
          class="spanDot"
          data-testid="span-element"
        />
      </div>
    </div>
  </div>
</div>
`;
