// Jest Snapshot v1, https://goo.gl/fbAQLP

exports[`rendering required component 1`] = `
<div>
  <section
    class="columnWeb"
  >
    <div
      data-component="Routes"
    />
  </section>
</div>
`;
